// Jest Snapshot v1, https://goo.gl/fbAQLP

exports[`renders if proprty title is "Test Title" 1`] = `
<View
  accessible={true}
  focusable={true}
  onClick={[Function]}
  onResponderGrant={[Function]}
  onResponderMove={[Function]}
  onResponderRelease={[Function]}
  onResponderTerminate={[Function]}
  onResponderTerminationRequest={[Function]}
  onStartShouldSetResponder={[Function]}
  style={
    Object {
      "marginBottom": 12,
      "marginRight": 10,
      "opacity": 1,
    }
  }
>
  <View
    style={
      Object {
        "backgroundColor": "rgba(255,255,255,0.1)",
        "borderRadius": 8,
        "height": 170,
        "justifyContent": "center",
        "position": "relative",
        "width": 115,
      }
    }
  >
    <View
      style={
        Object {
          "alignItems": "center",
          "backgroundColor": "rgba(255,255,255,0.1)",
          "borderRadius": 8,
          "height": 170,
          "justifyContent": "center",
          "marginRight": 10,
          "width": 115,
        }
      }
    >
      <Text
        style={
          Array [
            Object {
              "color": "#000000",
              "fontFamily": "System",
              "fontWeight": "400",
              "textAlign": "left",
            },
            Object {
              "color": "white",
              "fontFamily": "iplayyaicons",
              "fontSize": 48,
            },
          ]
        }
      >
        î §
      </Text>
    </View>
  </View>
</View>
`;
